[accessories-shop.cmsmasters.net/landing/index.html]
[backblue.gif]
[fade.gif]
[index.html]
[accessories-shop.cmsmasters.net/wp-content/plugins/instagram-feed/css/sbi-styles.minb5e1.css]
[accessories-shop.cmsmasters.net/wp-content/plugins/LayerSlider/assets/static/layerslider/css/layerslider91f9.css]
[accessories-shop.cmsmasters.net/wp-includes/css/dist/block-library/style.min3781.css]
[accessories-shop.cmsmasters.net/wp-content/plugins/woocommerce/packages/woocommerce-blocks/build/wc-blocks-vendors-stylefc14.css]
[accessories-shop.cmsmasters.net/wp-content/plugins/woocommerce/packages/woocommerce-blocks/build/wc-blocks-stylefc14.css]
[accessories-shop.cmsmasters.net/wp-content/plugins/yith-woocommerce-wishlist/assets/css/jquery.selectBox7359.css]
[accessories-shop.cmsmasters.net/wp-content/plugins/yith-woocommerce-wishlist/assets/css/font-awesome1849.css]
[accessories-shop.cmsmasters.net/wp-content/plugins/woocommerce/assets/css/prettyPhoto005e.css]
[accessories-shop.cmsmasters.net/wp-content/plugins/yith-woocommerce-wishlist/assets/css/style0599.css]
[accessories-shop.cmsmasters.net/wp-includes/css/classic-themes.min3781.css]
[accessories-shop.cmsmasters.net/wp-content/plugins/contact-form-7/includes/css/stylesf2b4.css]
[accessories-shop.cmsmasters.net/wp-content/plugins/cookie-law-info/legacy/public/css/cookie-law-info-public677a.css]
[accessories-shop.cmsmasters.net/wp-content/plugins/cookie-law-info/legacy/public/css/cookie-law-info-gdpr677a.css]
[accessories-shop.cmsmasters.net/wp-content/plugins/yith-woocommerce-ajax-search-premium/assets/css/yith_wcas_ajax_search3781.css]
[accessories-shop.cmsmasters.net/wp-content/plugins/yith-woocommerce-quick-view/assets/css/yith-quick-view8915.css]
[accessories-shop.cmsmasters.net/wp-content/themes/accessories-shop/style8a54.css]
[accessories-shop.cmsmasters.net/wp-content/themes/accessories-shop/css/style8a54.css]
[accessories-shop.cmsmasters.net/wp-content/themes/accessories-shop/css/adaptive8a54.css]
[accessories-shop.cmsmasters.net/wp-content/themes/accessories-shop/css/retina8a54.css]
[accessories-shop.cmsmasters.net/wp-content/uploads/2017/02/landing-1-2.jpg]
[accessories-shop.cmsmasters.net/wp-content/uploads/2017/02/Perspective-App-Screens-Mock-Up.jpg]
[accessories-shop.cmsmasters.net/wp-content/uploads/2017/02/view-3.jpg]
[accessories-shop.cmsmasters.net/wp-content/uploads/2017/02/wishlist-bg-g4-2.jpg]
[accessories-shop.cmsmasters.net/wp-content/uploads/2017/02/puzzle-product-bg2-2.jpg]
[accessories-shop.cmsmasters.net/wp-content/uploads/2017/02/view-4.jpg]
[accessories-shop.cmsmasters.net/wp-content/uploads/2017/02/grid-2.jpg]
[accessories-shop.cmsmasters.net/wp-content/uploads/2017/02/lookbook-1.jpg]
[accessories-shop.cmsmasters.net/wp-content/uploads/2017/02/footer.jpg]
[accessories-shop.cmsmasters.net/wp-content/themes/accessories-shop/css/fontello8a54.css]
[accessories-shop.cmsmasters.net/wp-content/themes/accessories-shop/css/fontello-custom8a54.css]
[accessories-shop.cmsmasters.net/wp-content/themes/accessories-shop/css/animate8a54.css]
[accessories-shop.cmsmasters.net/wp-content/themes/accessories-shop/css/jquery.isotope57bd.css]
[accessories-shop.cmsmasters.net/wp-content/themes/accessories-shop/css/cmsmasters-woo-style8a54.css]
[accessories-shop.cmsmasters.net/wp-content/themes/accessories-shop/css/cmsmasters-woo-adaptive8a54.css]
[accessories-shop.cmsmasters.net/wp-content/themes/accessories-shop/css/ilightbox3601.css]
[accessories-shop.cmsmasters.net/wp-content/themes/accessories-shop/css/ilightbox-skins/dark-skin3601.css]
[accessories-shop.cmsmasters.net/wp-content/uploads/cmsmasters_styles/accessories-shop8a54.css]
[accessories-shop.cmsmasters.net/wp-content/themes/accessories-shop/gutenberg/css/frontend-style8a54.css]
[accessories-shop.cmsmasters.net/wp-content/themes/accessories-shop/woocommerce/yith-woocommerce-quick-view/cmsmasters-framework/css/plugin-style8a54.css]
[accessories-shop.cmsmasters.net/wp-content/themes/accessories-shop/woocommerce/yith-woocommerce-quick-view/cmsmasters-framework/css/plugin-adaptive8a54.css]
[accessories-shop.cmsmasters.net/wp-content/themes/accessories-shop/woocommerce/yith-woocommerce-zoom-magnifier/cmsmasters-framework/css/plugin-style8a54.css]
[accessories-shop.cmsmasters.net/wp-content/themes/accessories-shop/woocommerce/yith-woocommerce-zoom-magnifier/cmsmasters-framework/css/plugin-adaptive8a54.css]
[accessories-shop.cmsmasters.net/wp-content/themes/accessories-shop/woocommerce/yith-woocommerce-wishlist/cmsmasters-framework/css/plugin-style8a54.css]
[accessories-shop.cmsmasters.net/wp-content/themes/accessories-shop/woocommerce/yith-woocommerce-wishlist/cmsmasters-framework/css/plugin-adaptive8a54.css]
[accessories-shop.cmsmasters.net/wp-content/themes/accessories-shop/woocommerce/yith-woocommerce-ajax-search/cmsmasters-framework/css/plugin-style8a54.css]
[accessories-shop.cmsmasters.net/wp-content/themes/accessories-shop/woocommerce/yith-woocommerce-ajax-search/cmsmasters-framework/css/plugin-adaptive8a54.css]
[accessories-shop.cmsmasters.net/wp-includes/js/jquery/jquery.min5aed.js]
[accessories-shop.cmsmasters.net/wp-includes/js/jquery/jquery-migrate.min6b00.js]
[accessories-shop.cmsmasters.net/wp-content/plugins/LayerSlider/assets/static/layerslider/js/layerslider.utils91f9.js]
[accessories-shop.cmsmasters.net/wp-content/plugins/LayerSlider/assets/static/layerslider/js/layerslider.transitions91f9.js]
[accessories-shop.cmsmasters.net/wp-content/plugins/LayerSlider/assets/static/layerslider/js/layerslider.kreaturamedia.jquery91f9.js]
[accessories-shop.cmsmasters.net/wp-content/plugins/cookie-law-info/legacy/public/js/cookie-law-info-public677a.js]
[accessories-shop.cmsmasters.net/wp-content/plugins/revslider/public/assets/js/rbtools.min627e.js]
[accessories-shop.cmsmasters.net/wp-content/plugins/revslider/public/assets/js/rs6.min627e.js]
[accessories-shop.cmsmasters.net/wp-content/themes/accessories-shop/js/jsLibraries.min8a54.js]
[accessories-shop.cmsmasters.net/wp-content/themes/accessories-shop/js/jquery.iLightBox.min3601.js]
[accessories-shop.cmsmasters.net/wp-content/uploads/2017/02/cropped-favicon-1-32x32.png]
[accessories-shop.cmsmasters.net/wp-content/uploads/2017/02/cropped-favicon-1-192x192.png]
[accessories-shop.cmsmasters.net/wp-content/uploads/2017/02/cropped-favicon-1-180x180.png]
[accessories-shop.cmsmasters.net/wp-content/themes/accessories-shop/img/logo.png]
[accessories-shop.cmsmasters.net/wp-content/themes/accessories-shop/img/logo_retina.png]
[accessories-shop.cmsmasters.net/wp-content/uploads/2017/02/02-2.jpg]
[accessories-shop.cmsmasters.net/wp-content/uploads/2017/02/02-1-1.jpg]
[accessories-shop.cmsmasters.net/wp-content/uploads/2017/02/04-1.jpg]
[accessories-shop.cmsmasters.net/wp-content/uploads/2017/02/10.jpg]
[accessories-shop.cmsmasters.net/wp-content/uploads/2017/02/12.jpg]
[accessories-shop.cmsmasters.net/wp-content/uploads/2017/02/05-1-1.jpg]
[accessories-shop.cmsmasters.net/wp-content/uploads/2017/02/08.jpg]
[accessories-shop.cmsmasters.net/wp-content/uploads/2017/02/11.jpg]
[accessories-shop.cmsmasters.net/wp-content/uploads/2017/02/03-1.jpg]
[accessories-shop.cmsmasters.net/wp-content/uploads/2017/02/06-1-1.jpg]
[accessories-shop.cmsmasters.net/wp-content/uploads/2017/02/07-1.jpg]
[accessories-shop.cmsmasters.net/wp-content/uploads/2017/02/09.jpg]
[accessories-shop.cmsmasters.net/wp-content/uploads/2017/02/divid-2.jpg]
[accessories-shop.cmsmasters.net/wp-content/uploads/2017/02/view-image.jpg]
[accessories-shop.cmsmasters.net/wp-content/uploads/2017/02/wishlist-02-1.jpg]
[accessories-shop.cmsmasters.net/wp-content/uploads/2016/12/2-25.jpg]
[accessories-shop.cmsmasters.net/wp-content/themes/accessories-shop/woocommerce/yith-woocommerce-wishlist/cmsmasters-framework/img/loader.gif]
[accessories-shop.cmsmasters.net/wp-content/uploads/2017/02/zoom-1.png]
[accessories-shop.cmsmasters.net/landing/index3e00.html]
[accessories-shop.cmsmasters.net/landing/index96b1.html]
[accessories-shop.cmsmasters.net/wp-content/uploads/2015/05/3-3.jpg]
[accessories-shop.cmsmasters.net/wp-content/uploads/2015/05/2-3-450x450.jpg]
[accessories-shop.cmsmasters.net/wp-content/uploads/2015/05/2-5.jpg]
[accessories-shop.cmsmasters.net/wp-content/uploads/2015/05/3-6.jpg]
[accessories-shop.cmsmasters.net/wp-content/uploads/2015/05/2-6-450x450.jpg]
[accessories-shop.cmsmasters.net/landing/indexee8f.html]
[accessories-shop.cmsmasters.net/wp-content/uploads/2017/01/22-2.jpg]
[accessories-shop.cmsmasters.net/landing/indexc6bb.html]
[accessories-shop.cmsmasters.net/wp-content/uploads/2017/02/logo-footer-retina-1.png]
[accessories-shop.cmsmasters.net/landing/index7299.html]
[accessories-shop.cmsmasters.net/wp-content/plugins/revslider/public/assets/css/rs6627e.css]
[accessories-shop.cmsmasters.net/wp-content/plugins/yith-woocommerce-wishlist/assets/js/jquery.selectBox.min7359.js]
[accessories-shop.cmsmasters.net/landing/index8205.html]
[accessories-shop.cmsmasters.net/wp-content/plugins/woocommerce/assets/js/prettyPhoto/jquery.prettyPhoto.min005e.js]
[accessories-shop.cmsmasters.net/wp-content/plugins/yith-woocommerce-wishlist/assets/js/jquery.yith-wcwl.min0599.js]
[accessories-shop.cmsmasters.net/wp-content/plugins/cmsmasters-mega-menu/js/jquery.megaMenu077c.js]
[accessories-shop.cmsmasters.net/wp-content/plugins/contact-form-7/includes/swv/js/indexf2b4.js]
[accessories-shop.cmsmasters.net/wp-content/plugins/contact-form-7/includes/js/indexf2b4.js]
[accessories-shop.cmsmasters.net/wp-content/plugins/woocommerce/assets/js/jquery-blockui/jquery.blockUI.min1307.js]
[accessories-shop.cmsmasters.net/wp-content/plugins/woocommerce/assets/js/frontend/add-to-cart.min6f89.js]
[accessories-shop.cmsmasters.net/wp-content/plugins/woocommerce/assets/js/js-cookie/js.cookie.mincfa4.js]
[accessories-shop.cmsmasters.net/wp-content/plugins/woocommerce/assets/js/frontend/woocommerce.min6f89.js]
[accessories-shop.cmsmasters.net/wp-content/plugins/yith-woocommerce-ajax-search-premium/assets/js/yith-autocomplete.min4281.js]
[accessories-shop.cmsmasters.net/wp-content/plugins/yith-woocommerce-quick-view/assets/js/frontend.min8915.js]
[accessories-shop.cmsmasters.net/wp-content/themes/accessories-shop/js/jqueryLibraries.min8a54.js]
[accessories-shop.cmsmasters.net/wp-content/themes/accessories-shop/js/scrollspy8a54.js]
[accessories-shop.cmsmasters.net/wp-content/themes/accessories-shop/js/jquery.script8a54.js]
[accessories-shop.cmsmasters.net/wp-content/themes/accessories-shop/js/jquery.tweet.mine7f0.js]
[accessories-shop.cmsmasters.net/wp-content/plugins/woocommerce/assets/js/frontend/cart-fragments.min6f89.js]
[accessories-shop.cmsmasters.net/wp-content/themes/accessories-shop/js/jquery.cmsmasters-woo-script8a54.js]
[accessories-shop.cmsmasters.net/wp-content/themes/accessories-shop/js/jquery.isotope.min5d6b.js]
[accessories-shop.cmsmasters.net/wp-content/themes/accessories-shop/js/jquery.cmsmasters-woo-isotope.mode8a54.js]
[accessories-shop.cmsmasters.net/wp-includes/js/comment-reply.min3781.js]
[accessories-shop.cmsmasters.net/wp-includes/js/underscore.mind584.js]
[accessories-shop.cmsmasters.net/wp-includes/js/wp-util.min3781.js]
[accessories-shop.cmsmasters.net/wp-content/plugins/woocommerce/assets/js/frontend/add-to-cart-variation.min6f89.js]
[accessories-shop.cmsmasters.net/wp-content/plugins/woocommerce/assets/js/frontend/single-product.min6f89.js]
[accessories-shop.cmsmasters.net/landing/index.html]
[accessories-shop.cmsmasters.net/wp-content/plugins/instagram-feed/css/sbi-styles.minb5e1.css]
[accessories-shop.cmsmasters.net/wp-content/plugins/LayerSlider/assets/static/layerslider/img/icon-muted-white.png]
[accessories-shop.cmsmasters.net/wp-content/plugins/LayerSlider/assets/static/layerslider/img/icon-unmuted-white.png]
[accessories-shop.cmsmasters.net/wp-content/plugins/LayerSlider/assets/static/layerslider/css/layerslider91f9.css]
[accessories-shop.cmsmasters.net/wp-includes/css/dist/block-library/style.min3781.css]
[accessories-shop.cmsmasters.net/wp-content/plugins/woocommerce/packages/woocommerce-blocks/build/wc-blocks-vendors-stylefc14.css]
[accessories-shop.cmsmasters.net/wp-content/plugins/woocommerce/packages/woocommerce-blocks/build/wc-blocks-stylefc14.css]
[accessories-shop.cmsmasters.net/wp-content/plugins/yith-woocommerce-wishlist/assets/images/jquery.selectBox-arrow.gif]
[accessories-shop.cmsmasters.net/wp-content/plugins/yith-woocommerce-wishlist/assets/css/jquery.selectBox7359.css]
[accessories-shop.cmsmasters.net/wp-content/plugins/yith-woocommerce-wishlist/assets/css/font-awesome1849.css]
[accessories-shop.cmsmasters.net/wp-content/plugins/woocommerce/assets/css/prettyPhoto005e.css]
[accessories-shop.cmsmasters.net/wp-content/plugins/yith-woocommerce-wishlist/assets/images/jquery.selectBox-arrow.png]
[accessories-shop.cmsmasters.net/wp-content/plugins/yith-woocommerce-wishlist/assets/css/style0599.css]
[accessories-shop.cmsmasters.net/wp-includes/css/classic-themes.min3781.css]
[accessories-shop.cmsmasters.net/wp-content/plugins/contact-form-7/includes/css/stylesf2b4.css]
[accessories-shop.cmsmasters.net/wp-content/plugins/cookie-law-info/legacy/public/css/cookie-law-info-public677a.css]
[accessories-shop.cmsmasters.net/wp-content/plugins/cookie-law-info/legacy/public/css/cookie-law-info-gdpr677a.css]
[accessories-shop.cmsmasters.net/wp-content/plugins/yith-woocommerce-ajax-search-premium/assets/css/yith_wcas_ajax_search3781.css]
[accessories-shop.cmsmasters.net/wp-content/plugins/yith-woocommerce-quick-view/assets/css/yith-quick-view8915.css]
[accessories-shop.cmsmasters.net/wp-content/themes/accessories-shop/style8a54.css]
[accessories-shop.cmsmasters.net/wp-content/themes/accessories-shop/img/select.png]
[accessories-shop.cmsmasters.net/wp-content/themes/accessories-shop/css/style8a54.css]
[accessories-shop.cmsmasters.net/wp-content/themes/accessories-shop/css/adaptive8a54.css]
[accessories-shop.cmsmasters.net/wp-content/themes/accessories-shop/css/retina8a54.css]
[accessories-shop.cmsmasters.net/wp-content/themes/accessories-shop/css/fonts/fontellob975.eot]
[accessories-shop.cmsmasters.net/wp-content/themes/accessories-shop/css/fonts/fontellob975.woff]
[accessories-shop.cmsmasters.net/wp-content/themes/accessories-shop/css/fonts/fontellob975.ttf]
[accessories-shop.cmsmasters.net/wp-content/themes/accessories-shop/css/fontello8a54.css]
[accessories-shop.cmsmasters.net/wp-content/themes/accessories-shop/css/fonts/fontello-custom3e2d.eot]
[accessories-shop.cmsmasters.net/wp-content/themes/accessories-shop/css/fonts/fontello-custom3e2d.woff]
[accessories-shop.cmsmasters.net/wp-content/themes/accessories-shop/css/fonts/fontello-custom3e2d.ttf]
[accessories-shop.cmsmasters.net/wp-content/themes/accessories-shop/css/fontello-custom8a54.css]
[accessories-shop.cmsmasters.net/wp-content/themes/accessories-shop/css/animate8a54.css]
[accessories-shop.cmsmasters.net/wp-content/themes/accessories-shop/css/jquery.isotope57bd.css]
[accessories-shop.cmsmasters.net/wp-content/themes/accessories-shop/css/cmsmasters-woo-style8a54.css]
[accessories-shop.cmsmasters.net/wp-content/themes/accessories-shop/css/cmsmasters-woo-adaptive8a54.css]
[accessories-shop.cmsmasters.net/wp-content/themes/accessories-shop/css/ilightbox3601.css]
[accessories-shop.cmsmasters.net/wp-content/themes/accessories-shop/img/ilightbox/dark-skin/preloader.gif]
[accessories-shop.cmsmasters.net/wp-content/themes/accessories-shop/img/ilightbox/dark-skin/caption-bg.png]
[accessories-shop.cmsmasters.net/wp-content/themes/accessories-shop/img/ilightbox/dark-skin/alert.png]
[accessories-shop.cmsmasters.net/wp-content/themes/accessories-shop/img/ilightbox/dark-skin/buttons.png]
[accessories-shop.cmsmasters.net/wp-content/themes/accessories-shop/img/ilightbox/dark-skin/fullscreen-icon-64.png]
[accessories-shop.cmsmasters.net/wp-content/themes/accessories-shop/img/ilightbox/dark-skin/fullscreen-icon-ie.png]
[accessories-shop.cmsmasters.net/wp-content/themes/accessories-shop/img/ilightbox/dark-skin/x-mark-icon-64.png]
[accessories-shop.cmsmasters.net/wp-content/themes/accessories-shop/img/ilightbox/dark-skin/x-mark-icon-ie.png]
[accessories-shop.cmsmasters.net/wp-content/themes/accessories-shop/img/ilightbox/dark-skin/arrow-next-icon-64.png]
[accessories-shop.cmsmasters.net/wp-content/themes/accessories-shop/img/ilightbox/dark-skin/arrow-next-icon-ie.png]
[accessories-shop.cmsmasters.net/wp-content/themes/accessories-shop/img/ilightbox/dark-skin/arrow-prev-icon-64.png]
[accessories-shop.cmsmasters.net/wp-content/themes/accessories-shop/img/ilightbox/dark-skin/arrow-prev-icon-ie.png]
[accessories-shop.cmsmasters.net/wp-content/themes/accessories-shop/img/ilightbox/dark-skin/play-icon-64.png]
[accessories-shop.cmsmasters.net/wp-content/themes/accessories-shop/img/ilightbox/dark-skin/play-icon-ie.png]
[accessories-shop.cmsmasters.net/wp-content/themes/accessories-shop/img/ilightbox/dark-skin/pause-icon-64.png]
[accessories-shop.cmsmasters.net/wp-content/themes/accessories-shop/img/ilightbox/dark-skin/pause-icon-ie.png]
[accessories-shop.cmsmasters.net/wp-content/themes/accessories-shop/img/ilightbox/dark-skin/thumb-overlay-play.png]
[accessories-shop.cmsmasters.net/wp-content/themes/accessories-shop/img/ilightbox/dark-skin/arrow-next-vertical-icon-64.png]
[accessories-shop.cmsmasters.net/wp-content/themes/accessories-shop/img/ilightbox/dark-skin/arrow-prev-vertical-icon-64.png]
[accessories-shop.cmsmasters.net/wp-content/themes/accessories-shop/css/ilightbox-skins/dark-skin3601.css]
[accessories-shop.cmsmasters.net/wp-content/uploads/cmsmasters_styles/accessories-shop8a54.css]
[accessories-shop.cmsmasters.net/wp-content/themes/accessories-shop/gutenberg/css/frontend-style8a54.css]
[accessories-shop.cmsmasters.net/wp-content/themes/accessories-shop/woocommerce/yith-woocommerce-quick-view/cmsmasters-framework/css/plugin-style8a54.css]
[accessories-shop.cmsmasters.net/wp-content/themes/accessories-shop/woocommerce/yith-woocommerce-quick-view/cmsmasters-framework/css/plugin-adaptive8a54.css]
[accessories-shop.cmsmasters.net/wp-content/themes/accessories-shop/woocommerce/yith-woocommerce-zoom-magnifier/cmsmasters-framework/css/plugin-style8a54.css]
[accessories-shop.cmsmasters.net/wp-content/themes/accessories-shop/woocommerce/yith-woocommerce-zoom-magnifier/cmsmasters-framework/css/plugin-adaptive8a54.css]
[accessories-shop.cmsmasters.net/wp-content/themes/accessories-shop/woocommerce/yith-woocommerce-wishlist/cmsmasters-framework/css/plugin-style8a54.css]
[accessories-shop.cmsmasters.net/wp-content/themes/accessories-shop/woocommerce/yith-woocommerce-wishlist/cmsmasters-framework/css/plugin-adaptive8a54.css]
[accessories-shop.cmsmasters.net/wp-content/themes/accessories-shop/woocommerce/yith-woocommerce-ajax-search/cmsmasters-framework/css/plugin-style8a54.css]
[accessories-shop.cmsmasters.net/wp-content/themes/accessories-shop/woocommerce/yith-woocommerce-ajax-search/cmsmasters-framework/css/plugin-adaptive8a54.css]
[accessories-shop.cmsmasters.net/landing/index3e00.html]
[accessories-shop.cmsmasters.net/landing/index96b1.html]
[accessories-shop.cmsmasters.net/landing/indexee8f.html]
[accessories-shop.cmsmasters.net/landing/indexc6bb.html]
[accessories-shop.cmsmasters.net/landing/index77c8.html]
[accessories-shop.cmsmasters.net/landing/index1230.html]
[accessories-shop.cmsmasters.net/landing/index4b71.html]
[accessories-shop.cmsmasters.net/landing/index7299.html]
[accessories-shop.cmsmasters.net/landing/index8205.html]
[accessories-shop.cmsmasters.net/landing/index9a77.html]
[accessories-shop.cmsmasters.net/landing/index691d.html]
[accessories-shop.cmsmasters.net/landing/indexfc92.html]
[accessories-shop.cmsmasters.net/landing/index5d7e.html]
[accessories-shop.cmsmasters.net/landing/index2b8c.html]
[accessories-shop.cmsmasters.net/landing/index7ace.html]
[accessories-shop.cmsmasters.net/wp-content/plugins/revslider/public/assets/assets/gridtile.png]
[accessories-shop.cmsmasters.net/wp-content/plugins/revslider/public/assets/assets/gridtile_white.png]
[accessories-shop.cmsmasters.net/wp-content/plugins/revslider/public/assets/assets/gridtile_3x3.png]
[accessories-shop.cmsmasters.net/wp-content/plugins/revslider/public/assets/assets/gridtile_3x3_white.png]
[accessories-shop.cmsmasters.net/wp-content/plugins/revslider/public/assets/assets/coloredbg.png]
[accessories-shop.cmsmasters.net/wp-content/plugins/revslider/public/assets/assets/loader.gif]
[accessories-shop.cmsmasters.net/wp-content/plugins/revslider/public/assets/css/rs6627e.css]
[accessories-shop.cmsmasters.net/wp-content/themes/accessories-shop/css/fonts/fontellob975.svg]
[accessories-shop.cmsmasters.net/wp-content/themes/accessories-shop/css/fonts/fontello-custom3e2d.svg]
[accessories-shop.cmsmasters.net/landing/index77c8.html]
[accessories-shop.cmsmasters.net/landing/index1230.html]
[accessories-shop.cmsmasters.net/landing/index4b71.html]
[accessories-shop.cmsmasters.net/landing/index9a77.html]
[accessories-shop.cmsmasters.net/landing/index691d.html]
[accessories-shop.cmsmasters.net/landing/indexfc92.html]
[accessories-shop.cmsmasters.net/landing/index5d7e.html]
[accessories-shop.cmsmasters.net/landing/index7ace.html]
[accessories-shop.cmsmasters.net/landing/index2b8c.html]
[accessories-shop.cmsmasters.net/wp-content/plugins/revslider/public/assets/css/openhand.html]
[accessories-shop.cmsmasters.net/wp-content/plugins/revslider/public/assets/css/closedhand.html]
